---
http_interactions:
- request:
    method: post
    uri: https://www.googleapis.com/oauth2/v4/token?client_id=<GOOGLE_CLIENT_ID>&client_secret=<GOOGLE_CLIENT_SECRET>&grant_type=refresh_token&refresh_token=<REFRESH_TOKEN>
    body:
      encoding: UTF-8
      string: ''
    headers:
      Connection:
      - close
      Host:
      - www.googleapis.com
      User-Agent:
      - http.rb/3.3.0
  response:
    status:
      code: 200
      message: OK
    headers:
      Content-Type:
      - application/json; charset=utf-8
      Vary:
      - Origin,Accept-Encoding
      - Referer
      - X-Origin
      Date:
      - Thu, 22 Nov 2018 11:55:50 GMT
      Server:
      - ESF
      Cache-Control:
      - private
      X-Xss-Protection:
      - 1; mode=block
      X-Frame-Options:
      - SAMEORIGIN
      X-Content-Type-Options:
      - nosniff
      Alt-Svc:
      - quic=":443"; ma=2592000; v="44,43,39,35"
      Accept-Ranges:
      - none
      Connection:
      - close
    body:
      encoding: UTF-8
      string: |-
        {
          "access_token": "<ACCESS_TOKEN>",
          "expires_in": 3600,
          "scope": "https://www.googleapis.com/auth/drive https://www.googleapis.com/auth/spreadsheets",
          "token_type": "Bearer"
        }
    http_version: 
  recorded_at: Thu, 22 Nov 2018 11:55:50 GMT
- request:
    method: post
    uri: https://www.googleapis.com/drive/v3/files/<SAMPLE_FILE_ID>/copy?access_token=<ACCESS_TOKEN>
    body:
      encoding: UTF-8
      string: ''
    headers:
      Connection:
      - close
      Host:
      - www.googleapis.com
      User-Agent:
      - http.rb/3.3.0
  response:
    status:
      code: 200
      message: OK
    headers:
      Cache-Control:
      - no-cache, no-store, max-age=0, must-revalidate
      Pragma:
      - no-cache
      Expires:
      - Mon, 01 Jan 1990 00:00:00 GMT
      Date:
      - Thu, 22 Nov 2018 11:55:52 GMT
      Vary:
      - Origin,Accept-Encoding
      - X-Origin
      Content-Type:
      - application/json; charset=UTF-8
      X-Content-Type-Options:
      - nosniff
      X-Frame-Options:
      - SAMEORIGIN
      X-Xss-Protection:
      - 1; mode=block
      Server:
      - GSE
      Alt-Svc:
      - quic=":443"; ma=2592000; v="44,43,39,35"
      Accept-Ranges:
      - none
      Connection:
      - close
    body:
      encoding: UTF-8
      string: |
        {
         "kind": "drive#file",
         "id": "11VQURQOsxgFrdjWTUkuxMkLzkkEuZwN2iPY8p82ESDM",
         "name": "Copy of Sample Survey",
         "mimeType": "application/vnd.google-apps.spreadsheet"
        }
    http_version: 
  recorded_at: Thu, 22 Nov 2018 11:55:52 GMT
- request:
    method: post
    uri: https://www.googleapis.com/drive/v2/files/11VQURQOsxgFrdjWTUkuxMkLzkkEuZwN2iPY8p82ESDM/permissions?access_token=<ACCESS_TOKEN>&sendNotificationEmails=false
    body:
      encoding: UTF-8
      string: '{"role":"writer","type":"user","value":"moonbear.survey.test@gmail.com"}'
    headers:
      Connection:
      - close
      Content-Type:
      - application/json; charset=UTF-8
      Host:
      - www.googleapis.com
      User-Agent:
      - http.rb/3.3.0
  response:
    status:
      code: 200
      message: OK
    headers:
      Cache-Control:
      - no-cache, no-store, max-age=0, must-revalidate
      Pragma:
      - no-cache
      Expires:
      - Mon, 01 Jan 1990 00:00:00 GMT
      Date:
      - Thu, 22 Nov 2018 11:55:55 GMT
      Vary:
      - Origin,Accept-Encoding
      - X-Origin
      Content-Type:
      - application/json; charset=UTF-8
      X-Content-Type-Options:
      - nosniff
      X-Frame-Options:
      - SAMEORIGIN
      X-Xss-Protection:
      - 1; mode=block
      Server:
      - GSE
      Alt-Svc:
      - quic=":443"; ma=2592000; v="44,43,39,35"
      Accept-Ranges:
      - none
      Connection:
      - close
    body:
      encoding: UTF-8
      string: |
        {
         "kind": "drive#permission",
         "etag": "\"8xUCra6FbWx8e1S7QPWn-stRIsE/SKzM4Vw7JLaKh3tZWOt8OlESwTc\"",
         "id": "02675581687761162384",
         "selfLink": "https://www.googleapis.com/drive/v2/files/11VQURQOsxgFrdjWTUkuxMkLzkkEuZwN2iPY8p82ESDM/permissions/02675581687761162384",
         "name": "SurveyMoonbear Test",
         "emailAddress": "moonbear.survey.test@gmail.com",
         "domain": "gmail.com",
         "role": "writer",
         "type": "user",
         "deleted": false
        }
    http_version: 
  recorded_at: Thu, 22 Nov 2018 11:55:55 GMT
- request:
    method: post
    uri: https://sheets.googleapis.com/v4/spreadsheets/11VQURQOsxgFrdjWTUkuxMkLzkkEuZwN2iPY8p82ESDM:batchUpdate
    body:
      encoding: UTF-8
      string: '{"requests":[{"updateSpreadsheetProperties":{"properties":{"title":"Survey
        for Testing Delete Services"},"fields":"title"}}]}'
    headers:
      Authorization:
      - Bearer <ACCESS_TOKEN>
      Connection:
      - close
      Content-Type:
      - application/json; charset=UTF-8
      Host:
      - sheets.googleapis.com
      User-Agent:
      - http.rb/3.3.0
  response:
    status:
      code: 200
      message: OK
    headers:
      Content-Type:
      - application/json; charset=UTF-8
      Vary:
      - Origin,Accept-Encoding
      - Referer
      - X-Origin
      Date:
      - Thu, 22 Nov 2018 11:55:56 GMT
      Server:
      - ESF
      Cache-Control:
      - private
      X-Xss-Protection:
      - 1; mode=block
      X-Frame-Options:
      - SAMEORIGIN
      Alt-Svc:
      - quic=":443"; ma=2592000; v="44,43,39,35"
      Accept-Ranges:
      - none
      Connection:
      - close
    body:
      encoding: UTF-8
      string: |
        {
          "spreadsheetId": "11VQURQOsxgFrdjWTUkuxMkLzkkEuZwN2iPY8p82ESDM",
          "replies": [
            {}
          ]
        }
    http_version: 
  recorded_at: Thu, 22 Nov 2018 11:55:56 GMT
- request:
    method: get
    uri: https://sheets.googleapis.com/v4/spreadsheets/11VQURQOsxgFrdjWTUkuxMkLzkkEuZwN2iPY8p82ESDM?access_token=<ACCESS_TOKEN>
    body:
      encoding: UTF-8
      string: ''
    headers:
      Connection:
      - close
      Host:
      - sheets.googleapis.com
      User-Agent:
      - http.rb/3.3.0
  response:
    status:
      code: 200
      message: OK
    headers:
      Content-Type:
      - application/json; charset=UTF-8
      Vary:
      - Origin,Accept-Encoding
      - Referer
      - X-Origin
      Date:
      - Thu, 22 Nov 2018 11:55:57 GMT
      Server:
      - ESF
      Cache-Control:
      - private
      X-Xss-Protection:
      - 1; mode=block
      X-Frame-Options:
      - SAMEORIGIN
      Alt-Svc:
      - quic=":443"; ma=2592000; v="44,43,39,35"
      Accept-Ranges:
      - none
      Connection:
      - close
    body:
      encoding: UTF-8
      string: |
        {
          "spreadsheetId": "11VQURQOsxgFrdjWTUkuxMkLzkkEuZwN2iPY8p82ESDM",
          "properties": {
            "title": "Survey for Testing Delete Services",
            "locale": "zh_TW",
            "autoRecalc": "ON_CHANGE",
            "timeZone": "Asia/Shanghai",
            "defaultFormat": {
              "backgroundColor": {
                "red": 1,
                "green": 1,
                "blue": 1
              },
              "padding": {
                "top": 2,
                "right": 3,
                "bottom": 2,
                "left": 3
              },
              "verticalAlignment": "BOTTOM",
              "wrapStrategy": "OVERFLOW_CELL",
              "textFormat": {
                "foregroundColor": {},
                "fontFamily": "arial,sans,sans-serif",
                "fontSize": 10,
                "bold": false,
                "italic": false,
                "strikethrough": false,
                "underline": false
              }
            }
          },
          "sheets": [
            {
              "properties": {
                "sheetId": 0,
                "title": "sheet1",
                "index": 0,
                "sheetType": "GRID",
                "gridProperties": {
                  "rowCount": 998,
                  "columnCount": 26
                }
              },
              "conditionalFormats": [
                {
                  "ranges": [
                    {
                      "startRowIndex": 1,
                      "endRowIndex": 11,
                      "startColumnIndex": 1,
                      "endColumnIndex": 2
                    },
                    {
                      "startRowIndex": 11,
                      "endRowIndex": 15,
                      "startColumnIndex": 1,
                      "endColumnIndex": 2
                    }
                  ],
                  "booleanRule": {
                    "condition": {
                      "type": "CUSTOM_FORMULA",
                      "values": [
                        {
                          "userEnteredValue": "=REGEXMATCH(B2, \"\\W\")"
                        }
                      ]
                    },
                    "format": {
                      "backgroundColor": {
                        "red": 0.95686275,
                        "green": 0.78039217,
                        "blue": 0.7647059
                      }
                    }
                  }
                }
              ]
            }
          ],
          "spreadsheetUrl": "https://docs.google.com/spreadsheets/d/11VQURQOsxgFrdjWTUkuxMkLzkkEuZwN2iPY8p82ESDM/edit"
        }
    http_version: 
  recorded_at: Thu, 22 Nov 2018 11:55:57 GMT
- request:
    method: get
    uri: https://sheets.googleapis.com/v4/spreadsheets/11VQURQOsxgFrdjWTUkuxMkLzkkEuZwN2iPY8p82ESDM/values/sheet1?access_token=<ACCESS_TOKEN>
    body:
      encoding: UTF-8
      string: ''
    headers:
      Connection:
      - close
      Host:
      - sheets.googleapis.com
      User-Agent:
      - http.rb/3.3.0
  response:
    status:
      code: 200
      message: OK
    headers:
      Content-Type:
      - application/json; charset=UTF-8
      Vary:
      - Origin,Accept-Encoding
      - Referer
      - X-Origin
      Date:
      - Thu, 22 Nov 2018 11:55:58 GMT
      Server:
      - ESF
      Cache-Control:
      - private
      X-Xss-Protection:
      - 1; mode=block
      X-Frame-Options:
      - SAMEORIGIN
      Alt-Svc:
      - quic=":443"; ma=2592000; v="44,43,39,35"
      Accept-Ranges:
      - none
      Connection:
      - close
    body:
      encoding: UTF-8
      string: |
        {
          "range": "sheet1!A1:Z998",
          "majorDimension": "ROWS",
          "values": [
            [
              "Type",
              "Name",
              "Description",
              "Required?",
              "Options"
            ],
            [
              "Description",
              "survey_description",
              "Hi, everyone. This is a survey for testing."
            ],
            [
              "Section Title",
              "title1",
              "Personal Information"
            ],
            [
              "Short answer",
              "name",
              "What's your name?",
              "0"
            ],
            [
              "Multiple choice (radio button)",
              "age_num",
              "How old are you?",
              "1",
              "10~20,21~25,26~30,31~35,36~40"
            ],
            [
              "Paragraph Answer",
              "self_intro",
              "Self Introduction",
              "0"
            ],
            [
              "Multiple choice (checkbox)",
              "social_website",
              "Which social media you have used?",
              "1",
              "Facebook,Instagram,Twitter,LINE,plurk,Google+,Snapchat"
            ],
            [
              "Section Title",
              "title2",
              "Rating Scale"
            ],
            [
              "Multiple choice grid (radio button)",
              "frequency",
              "I usually use social media.",
              "1",
              "strongly disagree,disagree,neutral,agree,strongly agree"
            ],
            [
              "Multiple choice grid (radio button)",
              "safisfaction",
              "I'm satisfied with using social media.",
              "1"
            ],
            [
              "Multiple choice (radio button)",
              "needs",
              "I can't live without social media.",
              "1"
            ]
          ]
        }
    http_version: 
  recorded_at: Thu, 22 Nov 2018 11:55:58 GMT
- request:
    method: post
    uri: https://www.googleapis.com/oauth2/v4/token?client_id=<GOOGLE_CLIENT_ID>&client_secret=<GOOGLE_CLIENT_SECRET>&grant_type=refresh_token&refresh_token=<REFRESH_TOKEN>
    body:
      encoding: UTF-8
      string: ''
    headers:
      Connection:
      - close
      Host:
      - www.googleapis.com
      User-Agent:
      - http.rb/3.3.0
  response:
    status:
      code: 200
      message: OK
    headers:
      Content-Type:
      - application/json; charset=utf-8
      Vary:
      - Origin,Accept-Encoding
      - Referer
      - X-Origin
      Date:
      - Thu, 22 Nov 2018 11:55:59 GMT
      Server:
      - ESF
      Cache-Control:
      - private
      X-Xss-Protection:
      - 1; mode=block
      X-Frame-Options:
      - SAMEORIGIN
      X-Content-Type-Options:
      - nosniff
      Alt-Svc:
      - quic=":443"; ma=2592000; v="44,43,39,35"
      Accept-Ranges:
      - none
      Connection:
      - close
    body:
      encoding: UTF-8
      string: |-
        {
          "access_token": "<ACCESS_TOKEN>",
          "expires_in": 3600,
          "scope": "https://www.googleapis.com/auth/drive https://www.googleapis.com/auth/spreadsheets",
          "token_type": "Bearer"
        }
    http_version: 
  recorded_at: Thu, 22 Nov 2018 11:55:59 GMT
- request:
    method: delete
    uri: https://www.googleapis.com/drive/v2/files/11VQURQOsxgFrdjWTUkuxMkLzkkEuZwN2iPY8p82ESDM
    body:
      encoding: UTF-8
      string: ''
    headers:
      Authorization:
      - Bearer <ACCESS_TOKEN>
      Connection:
      - close
      Host:
      - www.googleapis.com
      User-Agent:
      - http.rb/3.3.0
  response:
    status:
      code: 204
      message: No Content
    headers:
      Cache-Control:
      - no-cache, no-store, max-age=0, must-revalidate
      Pragma:
      - no-cache
      Expires:
      - Mon, 01 Jan 1990 00:00:00 GMT
      Date:
      - Thu, 22 Nov 2018 11:56:00 GMT
      Etag:
      - '"8xUCra6FbWx8e1S7QPWn-stRIsE/vyGp6PvFo4RvsFtPoIWeCReyIC8"'
      Vary:
      - Origin
      - X-Origin
      Server:
      - GSE
      Alt-Svc:
      - quic=":443"; ma=2592000; v="44,43,39,35"
      Connection:
      - close
    body:
      encoding: ASCII-8BIT
      string: ''
    http_version: 
  recorded_at: Thu, 22 Nov 2018 11:56:00 GMT
recorded_with: VCR 4.0.0
